Command: /home/jay/Desktop/graduation_project/rtl/mul/mul_3cycle/./simv -l test.log
Chronologic VCS simulator copyright 1991-2018
Contains Synopsys proprietary information.
Compiler version O-2018.09-SP2_Full64; Runtime version O-2018.09-SP2_Full64;  Feb  6 16:41 2026
============================================================
3周期乘法器测试开始
============================================================

------------------------------------------------------------
测试组 1: 基本无符号乘法
------------------------------------------------------------
[PASS] Test 1: 0 * 0
       a=0x00000000, b=0x00000000, a_sign=0, b_sign=0
       result=0x0000000000000000 (expected=0x0000000000000000)

[PASS] Test 2: 1 * 1
       a=0x00000001, b=0x00000001, a_sign=0, b_sign=0
       result=0x0000000000000001 (expected=0x0000000000000001)

[PASS] Test 3: 2 * 3
       a=0x00000002, b=0x00000003, a_sign=0, b_sign=0
       result=0x0000000000000006 (expected=0x0000000000000006)

[PASS] Test 4: 10 * 20
       a=0x0000000a, b=0x00000014, a_sign=0, b_sign=0
       result=0x00000000000000c8 (expected=0x00000000000000c8)

[PASS] Test 5: 100 * 100
       a=0x00000064, b=0x00000064, a_sign=0, b_sign=0
       result=0x0000000000002710 (expected=0x0000000000002710)

------------------------------------------------------------
测试组 2: 边界值测试（无符号）
------------------------------------------------------------
[PASS] Test 6: MAX_UINT * 1
       a=0xffffffff, b=0x00000001, a_sign=0, b_sign=0
       result=0x00000000ffffffff (expected=0x00000000ffffffff)

[PASS] Test 7: MAX_UINT * MAX_UINT
       a=0xffffffff, b=0xffffffff, a_sign=0, b_sign=0
       result=0xfffffffe00000001 (expected=0xfffffffe00000001)

[PASS] Test 8: 2^31 * 2
       a=0x80000000, b=0x00000002, a_sign=0, b_sign=0
       result=0x0000000100000000 (expected=0x0000000100000000)

------------------------------------------------------------
测试组 3: 基本有符号乘法
------------------------------------------------------------
[PASS] Test 9: signed: 1 * 1
       a=0x00000001, b=0x00000001, a_sign=1, b_sign=1
       result=0x0000000000000001 (expected=0x0000000000000001)

[PASS] Test 10: signed: -1 * 1
       a=0xffffffff, b=0x00000001, a_sign=1, b_sign=1
       result=0xffffffffffffffff (expected=0xffffffffffffffff)

[PASS] Test 11: signed: -1 * -1
       a=0xffffffff, b=0xffffffff, a_sign=1, b_sign=1
       result=0x0000000000000001 (expected=0x0000000000000001)

[PASS] Test 12: signed: -5 * 10
       a=0xfffffffb, b=0x0000000a, a_sign=1, b_sign=1
       result=0xffffffffffffffce (expected=0xffffffffffffffce)

------------------------------------------------------------
测试组 4: 有符号边界值
------------------------------------------------------------
[PASS] Test 13: signed: MAX_INT * 1
       a=0x7fffffff, b=0x00000001, a_sign=1, b_sign=1
       result=0x000000007fffffff (expected=0x000000007fffffff)

[PASS] Test 14: signed: MIN_INT * 1
       a=0x80000000, b=0x00000001, a_sign=1, b_sign=1
       result=0xffffffff80000000 (expected=0xffffffff80000000)

[PASS] Test 15: signed: MAX_INT * MAX_INT
       a=0x7fffffff, b=0x7fffffff, a_sign=1, b_sign=1
       result=0x3fffffff00000001 (expected=0x3fffffff00000001)

------------------------------------------------------------
测试组 5: 有符号×无符号 (MULHSU)
------------------------------------------------------------
[PASS] Test 16: MULHSU: 10 * 20
       a=0x0000000a, b=0x00000014, a_sign=1, b_sign=0
       result=0x00000000000000c8 (expected=0x00000000000000c8)

[PASS] Test 17: MULHSU: -5 * 10
       a=0xfffffffb, b=0x0000000a, a_sign=1, b_sign=0
       result=0xffffffffffffffce (expected=0xffffffffffffffce)

[PASS] Test 18: MULHSU: MAX_INT * MAX_UINT
       a=0x7fffffff, b=0xffffffff, a_sign=1, b_sign=0
       result=0x7ffffffe80000001 (expected=0x7ffffffe80000001)

------------------------------------------------------------
测试组 6: 随机测试 (20 cases)
------------------------------------------------------------
[PASS] Test 19: random_0: 0x12153524 * 0xc0895e81 (S×S)
       a=0x12153524, b=0xc0895e81, a_sign=1, b_sign=1
       result=0xfb8466bd5676ff24 (expected=0xfb8466bd5676ff24)

[PASS] Test 20: random_1: 0x06b97b0d * 0x46df998d (S×U)
       a=0x06b97b0d, b=0x46df998d, a_sign=1, b_sign=0
       result=0x01dc97404d068b29 (expected=0x01dc97404d068b29)

[PASS] Test 21: random_2: 0x00f3e301 * 0x06d7cd0d (U×S)
       a=0x00f3e301, b=0x06d7cd0d, a_sign=0, b_sign=1
       result=0x000684e90501540d (expected=0x000684e90501540d)

[PASS] Test 22: random_3: 0x76d457ed * 0x462df78c (S×U)
       a=0x76d457ed, b=0x462df78c, a_sign=1, b_sign=0
       result=0x209366461f9ec09c (expected=0x209366461f9ec09c)

[PASS] Test 23: random_4: 0xe2f784c5 * 0xd513d2aa (S×S)
       a=0xe2f784c5, b=0xd513d2aa, a_sign=1, b_sign=1
       result=0x04de2d2d86e6c4d2 (expected=0x04de2d2d86e6c4d2)

[PASS] Test 24: random_5: 0x8932d612 * 0x47ecdb8f (U×U)
       a=0x8932d612, b=0x47ecdb8f, a_sign=0, b_sign=0
       result=0x268c09e7771efa0e (expected=0x268c09e7771efa0e)

[PASS] Test 25: random_6: 0xf4007ae8 * 0xe2ca4ec5 (U×S)
       a=0xf4007ae8, b=0xe2ca4ec5, a_sign=0, b_sign=1
       result=0xe428c50db4e14488 (expected=0xe428c50db4e14488)

[PASS] Test 26: random_7: 0x96ab582d * 0xb2a72665 (S×U)
       a=0x96ab582d, b=0xb2a72665, a_sign=1, b_sign=0
       result=0xb67e5d49b00b77c1 (expected=0xb67e5d49b00b77c1)

[PASS] Test 27: random_8: 0xc03b2280 * 0x10642120 (U×S)
       a=0xc03b2280, b=0x10642120, a_sign=0, b_sign=1
       result=0x0c4ee22120d6d000 (expected=0x0c4ee22120d6d000)

[PASS] Test 28: random_9: 0xcb203e96 * 0x8983b813 (S×S)
       a=0xcb203e96, b=0x8983b813, a_sign=1, b_sign=1
       result=0x1878ce638d227522 (expected=0x1878ce638d227522)

[PASS] Test 29: random_10: 0x359fdd6b * 0xeaa62ad5 (U×U)
       a=0x359fdd6b, b=0xeaa62ad5, a_sign=0, b_sign=0
       result=0x3126ef0639b8c807 (expected=0x3126ef0639b8c807)

[PASS] Test 30: random_11: 0x0effe91d * 0xe7c572cf (S×U)
       a=0x0effe91d, b=0xe7c572cf, a_sign=1, b_sign=0
       result=0x0d947d01a50d6873 (expected=0x0d947d01a50d6873)

[PASS] Test 31: random_12: 0xe5730aca * 0x9e314c3c (U×U)
       a=0xe5730aca, b=0x9e314c3c, a_sign=0, b_sign=0
       result=0x8dc93001aad47f58 (expected=0x8dc93001aad47f58)

[PASS] Test 32: random_13: 0x20c4b341 * 0xec4b34d8 (U×S)
       a=0x20c4b341, b=0xec4b34d8, a_sign=0, b_sign=1
       result=0xfd7a42630a6b72d8 (expected=0xfd7a42630a6b72d8)

[PASS] Test 33: random_14: 0x75c50deb * 0x5b0265b6 (U×U)
       a=0x75c50deb, b=0x5b0265b6, a_sign=0, b_sign=0
       result=0x29de26471d6b9c12 (expected=0x29de26471d6b9c12)

[PASS] Test 34: random_15: 0xde7502bc * 0x150fdd2a (S×S)
       a=0xde7502bc, b=0x150fdd2a, a_sign=1, b_sign=1
       result=0xfd3d851a1792bed8 (expected=0xfd3d851a1792bed8)

[PASS] Test 35: random_16: 0x42f24185 * 0x27f2554f (S×U)
       a=0x42f24185, b=0x27f2554f, a_sign=1, b_sign=0
       result=0x0a72474c4b3d610b (expected=0x0a72474c4b3d610b)

[PASS] Test 36: random_17: 0xbf23327e * 0x0aaa4b15 (S×S)
       a=0xbf23327e, b=0x0aaa4b15, a_sign=1, b_sign=1
       result=0xfd4c3a52715a0e56 (expected=0xfd4c3a52715a0e56)

[PASS] Test 37: random_18: 0x31230762 * 0x2635fb4c (S×S)
       a=0x31230762, b=0x2635fb4c, a_sign=1, b_sign=1
       result=0x07558f9501ed4718 (expected=0x07558f9501ed4718)

[PASS] Test 38: random_19: 0x7c6da9f8 * 0xdbcd60b7 (S×U)
       a=0x7c6da9f8, b=0xdbcd60b7, a_sign=1, b_sign=0
       result=0x6ad5a33a55b98048 (expected=0x6ad5a33a55b98048)

============================================================
测试完成
============================================================
总测试数: 38
通过数量: 38
失败数量: 0
通过率: 100.00%
============================================================
✓ 所有测试通过！3周期乘法器功能正确
============================================================
$finish called from file "tb_mul_3cycle.v", line 250.
$finish at simulation time              2365000
           V C S   S i m u l a t i o n   R e p o r t 
Time: 2365000 ps
CPU Time:      0.140 seconds;       Data structure size:   0.0Mb
Fri Feb  6 16:41:48 2026
